09:19:39 **** Incremental Build of configuration Debug for project 001HelloWorld ****
make -j16 all 
arm-none-eabi-size  001HelloWorld.elf 
   text	   data	    bss	    dec	    hex	filename
   3384	     92	   1900	   5376	   1500	001HelloWorld.elf
Finished building: default.size.stdout
 
09:22:15 **** Incremental Build of configuration Debug for project 001HelloWorld ****
make -j16 all 
arm-none-eabi-size  001HelloWorld.elf 
   text	   data	    bss	    dec	    hex	filename
   3384	     92	   1900	   5376	   1500	001HelloWorld.elf
Finished building: default.size.stdout
 
09:22:18 **** Incremental Build of configuration Debug for project 001HelloWorld ****
make -j16 all 
arm-none-eabi-size  001HelloWorld.elf 
   text	   data	    bss	    dec	    hex	filename
   3384	     92	   1900	   5376	   1500	001HelloWorld.elf
Finished building: default.size.stdout
 
09:22:24 **** Incremental Build of configuration Debug for project 001HelloWorld ****
make -j16 all 
arm-none-eabi-size  001HelloWorld.elf 
   text	   data	    bss	    dec	    hex	filename
   3384	     92	   1900	   5376	   1500	001HelloWorld.elf
Finished building: default.size.stdout
 
09:23:57 **** Incremental Build of configuration Debug for project 001HelloWorld ****
make -j16 all 
arm-none-eabi-size  001HelloWorld.elf 
   text	   data	    bss	    dec	    hex	filename
   3384	     92	   1900	   5376	   1500	001HelloWorld.elf
Finished building: default.size.stdout
 
